<?xml version="1.0" encoding="UTF-8"?>
<metadata>
    <groupId>nexus-deployer</groupId>
    <artifactId>nexus-deployer</artifactId>
    <version>1.2-SNAPSHOT</version>
    <versioning>
        <latest>1.2-SNAPSHOT</latest>
        <versions>
            <version>1.2-SNAPSHOT</version>
        </versions>
        <lastUpdated>11111111111111</lastUpdated>
    </versioning>
</metadata>
